// Jest Snapshot v1, https://goo.gl/fbAQLP

exports[`should render Header correctly 1`] = `
<header>
  <AppBar
    iconElementLeft={
      <div>
        <span>
          Expensify
        </span>
        <NavLink
          activeClassName="is-active"
          exact={true}
          to="/"
        >
          <FlatButton
            disabled={false}
            fullWidth={false}
            label="Dashboard"
            labelPosition="after"
            labelStyle={Object {}}
            onKeyboardFocus={[Function]}
            onMouseEnter={[Function]}
            onMouseLeave={[Function]}
            onTouchStart={[Function]}
            primary={false}
            secondary={false}
          />
        </NavLink>
        <NavLink
          activeClassName="is-active"
          to="/create"
        >
          <FlatButton
            disabled={false}
            fullWidth={false}
            hoverColor="transparent"
            label="Create Expense"
            labelPosition="after"
            labelStyle={Object {}}
            onKeyboardFocus={[Function]}
            onMouseEnter={[Function]}
            onMouseLeave={[Function]}
            onTouchStart={[Function]}
            primary={false}
            secondary={false}
          />
        </NavLink>
      </div>
    }
    showMenuIconButton={true}
    title=""
    zDepth={1}
  />
</header>
`;
